// Jest Snapshot v1, https://goo.gl/fbAQLP

exports[`MultipleChoice snapshot 1`] = `
Object {
  "asFragment": [Function],
  "baseElement": <body>
    <div>
      <div
        class="multiple-choice"
      >
        <div
          class="multiple-choice__question"
        >
          question text
        </div>
        <div
          class="multiple-choice__options"
        >
          <div
            class="checkbox"
          >
            <input
              class="checkbox__input"
              id=":r9:"
              type="checkbox"
            />
            <label
              class="checkbox__label"
              for=":r9:"
            >
              Option 1
            </label>
          </div>
          <div
            class="checkbox"
          >
            <input
              class="checkbox__input"
              id=":ra:"
              type="checkbox"
            />
            <label
              class="checkbox__label"
              for=":ra:"
            >
              Option 2
            </label>
          </div>
          <div
            class="checkbox"
          >
            <input
              class="checkbox__input"
              id=":rb:"
              type="checkbox"
            />
            <label
              class="checkbox__label"
              for=":rb:"
            >
              Option 3
            </label>
          </div>
        </div>
      </div>
    </div>
  </body>,
  "container": <div>
    <div
      class="multiple-choice"
    >
      <div
        class="multiple-choice__question"
      >
        question text
      </div>
      <div
        class="multiple-choice__options"
      >
        <div
          class="checkbox"
        >
          <input
            class="checkbox__input"
            id=":r9:"
            type="checkbox"
          />
          <label
            class="checkbox__label"
            for=":r9:"
          >
            Option 1
          </label>
        </div>
        <div
          class="checkbox"
        >
          <input
            class="checkbox__input"
            id=":ra:"
            type="checkbox"
          />
          <label
            class="checkbox__label"
            for=":ra:"
          >
            Option 2
          </label>
        </div>
        <div
          class="checkbox"
        >
          <input
            class="checkbox__input"
            id=":rb:"
            type="checkbox"
          />
          <label
            class="checkbox__label"
            for=":rb:"
          >
            Option 3
          </label>
        </div>
      </div>
    </div>
  </div>,
  "debug": [Function],
  "findAllByAltText": [Function],
  "findAllByDisplayValue": [Function],
  "findAllByLabelText": [Function],
  "findAllByPlaceholderText": [Function],
  "findAllByRole": [Function],
  "findAllByTestId": [Function],
  "findAllByText": [Function],
  "findAllByTitle": [Function],
  "findByAltText": [Function],
  "findByDisplayValue": [Function],
  "findByLabelText": [Function],
  "findByPlaceholderText": [Function],
  "findByRole": [Function],
  "findByTestId": [Function],
  "findByText": [Function],
  "findByTitle": [Function],
  "getAllByAltText": [Function],
  "getAllByDisplayValue": [Function],
  "getAllByLabelText": [Function],
  "getAllByPlaceholderText": [Function],
  "getAllByRole": [Function],
  "getAllByTestId": [Function],
  "getAllByText": [Function],
  "getAllByTitle": [Function],
  "getByAltText": [Function],
  "getByDisplayValue": [Function],
  "getByLabelText": [Function],
  "getByPlaceholderText": [Function],
  "getByRole": [Function],
  "getByTestId": [Function],
  "getByText": [Function],
  "getByTitle": [Function],
  "queryAllByAltText": [Function],
  "queryAllByDisplayValue": [Function],
  "queryAllByLabelText": [Function],
  "queryAllByPlaceholderText": [Function],
  "queryAllByRole": [Function],
  "queryAllByTestId": [Function],
  "queryAllByText": [Function],
  "queryAllByTitle": [Function],
  "queryByAltText": [Function],
  "queryByDisplayValue": [Function],
  "queryByLabelText": [Function],
  "queryByPlaceholderText": [Function],
  "queryByRole": [Function],
  "queryByTestId": [Function],
  "queryByText": [Function],
  "queryByTitle": [Function],
  "rerender": [Function],
  "unmount": [Function],
}
`;
